<p>Outer content begin</p>
    
        <p>Inner content</p>
    
    <p>Outer content end</p>
