<h1>Begin</h1>

    <p>Outer content begin</p>
    
        <p>Inner content</p>
    
    <p>Outer content end</p>



    <p>here's another</p>

<h2>End</h2>
